EN jaluzele NULL D:/XILINX_PROJECTS/teste/vga_2/jaluzele.vhd sub00/vhpl14 1461747902
AR divizor behavioral D:/XILINX_PROJECTS/vga_2/divizor.vhd sub00/vhpl01 1460034010
EN da NULL D:/XILINX_PROJECTS/teste/vga_2/da.vhd sub00/vhpl22 1461708075
AR compute2 behavioral D:/XILINX_PROJECTS/teste/vga_2/compute2.vhd sub00/vhpl27 1461701999
AR detect_form behavioral D:/XILINX_PROJECTS/teste/vga_2/form.vhd sub00/vhpl11 1461747913
AR main behavioral D:/XILINX_PROJECTS/teste/vga_2/mainu.vhd sub00/vhpl21 1461747917
EN compute2 NULL D:/XILINX_PROJECTS/teste/vga_2/compute2.vhd sub00/vhpl26 1461701998
EN treat_collision NULL D:/XILINX_PROJECTS/teste/vga_2/TREAT_COLLISION.vhd sub00/vhpl30 1461701366
AR interior_cerc behavioral D:/XILINX_PROJECTS/teste/vga_2/INTERIOR_CERC.vhd sub00/vhpl13 1461747901
AR divide divide_et_impera D:/XILINX_PROJECTS/teste/vga_2/DIVIDE.vhd sub00/vhpl25 1461747915
EN interior_cerc NULL D:/XILINX_PROJECTS/teste/vga_2/INTERIOR_CERC.vhd sub00/vhpl12 1461747900
EN h_v_sync NULL D:/XILINX_PROJECTS/teste/vga_2/H_V_SYNC.vhd sub00/vhpl06 1461747908
EN colors NULL D:/XILINX_PROJECTS/teste/vga_2/culori.vhd sub00/vhpl18 1461747910
AR e_patrat behavioral D:/XILINX_PROJECTS/teste/vga_2/e_patrat.vhd sub00/vhpl35 1461707226
EN divide NULL D:/XILINX_PROJECTS/teste/vga_2/DIVIDE.vhd sub00/vhpl24 1461747914
EN freq_divider NULL D:/XILINX_PROJECTS/teste/vga_2/divizor.vhd sub00/vhpl16 1461747904
EN divizor NULL D:/XILINX_PROJECTS/vga_2/divizor.vhd sub00/vhpl00 1460034009
EN epatrat NULL D:/XILINX_PROJECTS/teste/vga_2/e_patrat.vhd sub00/vhpl36 1461707730
AR jaluzele behavioral D:/XILINX_PROJECTS/teste/vga_2/jaluzele.vhd sub00/vhpl15 1461747903
AR patratel_update behavioral D:/XILINX_PROJECTS/teste/vga_2/patratel_update.vhd sub00/vhpl33 1461708068
EN main NULL D:/XILINX_PROJECTS/teste/vga_2/mainu.vhd sub00/vhpl20 1461747916
EN change_square_origin NULL D:/XILINX_PROJECTS/teste/vga_2/CHANGE_SQUARE_ORIGIN.vhd sub00/vhpl28 1461701479
AR colors behavioral D:/XILINX_PROJECTS/teste/vga_2/culori.vhd sub00/vhpl19 1461747911
AR treat_collision behavioral D:/XILINX_PROJECTS/teste/vga_2/TREAT_COLLISION.vhd sub00/vhpl31 1461701367
AR culori behavioral D:/XILINX_PROJECTS/vga_2/culori.vhd sub00/vhpl09 1460034016
EN detect_form NULL D:/XILINX_PROJECTS/teste/vga_2/form.vhd sub00/vhpl10 1461747912
AR pixel_counter behavioral D:/XILINX_PROJECTS/teste/vga_2/pixel_counter.vhd sub00/vhpl03 1461747907
AR h_v_sync behavioral D:/XILINX_PROJECTS/teste/vga_2/H_V_SYNC.vhd sub00/vhpl07 1461747909
EN culori NULL D:/XILINX_PROJECTS/vga_2/culori.vhd sub00/vhpl08 1460034015
EN e_patrat NULL D:/XILINX_PROJECTS/teste/vga_2/e_patrat.vhd sub00/vhpl34 1461707342
EN mainu NULL D:/XILINX_PROJECTS/vga_2/mainu.vhd sub00/vhpl04 1460034017
AR change_square_origin behavioral D:/XILINX_PROJECTS/teste/vga_2/CHANGE_SQUARE_ORIGIN.vhd sub00/vhpl29 1461701480
AR epatrat behavioral D:/XILINX_PROJECTS/teste/vga_2/e_patrat.vhd sub00/vhpl37 1461707731
EN pixel_counter NULL D:/XILINX_PROJECTS/teste/vga_2/pixel_counter.vhd sub00/vhpl02 1461747906
EN patratel_update NULL D:/XILINX_PROJECTS/teste/vga_2/patratel_update.vhd sub00/vhpl32 1461708067
AR da behavioral D:/XILINX_PROJECTS/teste/vga_2/da.vhd sub00/vhpl23 1461708076
AR mainu behavioral D:/XILINX_PROJECTS/vga_2/mainu.vhd sub00/vhpl05 1460034018
AR freq_divider b D:/XILINX_PROJECTS/teste/vga_2/divizor.vhd sub00/vhpl17 1461747905
